[st.ourhtmldemo.com/template/organic_store/index.html]
[backblue.gif]
[fade.gif]
[index.html]
[st.ourhtmldemo.com/template/organic_store/images/fav-icon/apple-icon-57x57.png]
[st.ourhtmldemo.com/template/organic_store/css/style.css]
[st.ourhtmldemo.com/template/organic_store/css/responsive.css]
[st.ourhtmldemo.com/template/organic_store/images/logo/logo.png]
[st.ourhtmldemo.com/template/organic_store/images/shop/9.png]
[st.ourhtmldemo.com/template/organic_store/images/shop/10.png]
[st.ourhtmldemo.com/template/organic_store/images/shop/11.png]
[st.ourhtmldemo.com/template/organic_store/about-us.html]
[st.ourhtmldemo.com/template/organic_store/shop.html]
[st.ourhtmldemo.com/template/organic_store/shop-single.html]
[st.ourhtmldemo.com/template/organic_store/shop-cart.html]
[st.ourhtmldemo.com/template/organic_store/checkout.html]
[st.ourhtmldemo.com/template/organic_store/account.html]
[st.ourhtmldemo.com/template/organic_store/blog-Standard.html]
[st.ourhtmldemo.com/template/organic_store/blog-list-sidebar.html]
[st.ourhtmldemo.com/template/organic_store/blog-grid.html]
[st.ourhtmldemo.com/template/organic_store/blog-details.html]
[st.ourhtmldemo.com/template/organic_store/gallery-grid.html]
[st.ourhtmldemo.com/template/organic_store/gallery-masonry.html]
[st.ourhtmldemo.com/template/organic_store/gallery-single.html]
[st.ourhtmldemo.com/template/organic_store/Testimonials.html]
[st.ourhtmldemo.com/template/organic_store/404.html]
[st.ourhtmldemo.com/template/organic_store/faq.html]
[st.ourhtmldemo.com/template/organic_store/contact.html]
[st.ourhtmldemo.com/template/organic_store/images/home/slide-1.jpg]
[st.ourhtmldemo.com/template/organic_store/images/home/1.png]
[st.ourhtmldemo.com/template/organic_store/images/home/slide-2.jpg]
[st.ourhtmldemo.com/template/organic_store/images/home/4.png]
[st.ourhtmldemo.com/template/organic_store/images/home/slide-3.jpg]
[st.ourhtmldemo.com/template/organic_store/images/home/3.png]
[st.ourhtmldemo.com/template/organic_store/images/about/1.jpg]
[st.ourhtmldemo.com/template/organic_store/images/about/2.jpg]
[st.ourhtmldemo.com/template/organic_store/images/shop/1.png]
[st.ourhtmldemo.com/template/organic_store/images/shop/2.png]
[st.ourhtmldemo.com/template/organic_store/images/shop/3.png]
[st.ourhtmldemo.com/template/organic_store/images/shop/4.png]
[st.ourhtmldemo.com/template/organic_store/images/shop/5.png]
[st.ourhtmldemo.com/template/organic_store/images/shop/6.png]
[st.ourhtmldemo.com/template/organic_store/images/shop/7.png]
[st.ourhtmldemo.com/template/organic_store/images/shop/8.png]
[st.ourhtmldemo.com/template/organic_store/images/background/1.jpg]
[st.ourhtmldemo.com/template/organic_store/images/gallery/1.jpg]
[st.ourhtmldemo.com/template/organic_store/images/gallery/2.jpg]
[st.ourhtmldemo.com/template/organic_store/images/gallery/3.jpg]
[st.ourhtmldemo.com/template/organic_store/images/gallery/4.jpg]
[st.ourhtmldemo.com/template/organic_store/images/gallery/5.jpg]
[st.ourhtmldemo.com/template/organic_store/images/gallery/6.jpg]
[st.ourhtmldemo.com/template/organic_store/images/blog/1.jpg]
[st.ourhtmldemo.com/template/organic_store/images/blog/2.jpg]
[st.ourhtmldemo.com/template/organic_store/images/blog/3.jpg]
[st.ourhtmldemo.com/template/organic_store/images/team/1.jpg]
[st.ourhtmldemo.com/template/organic_store/images/team/2.jpg]
[st.ourhtmldemo.com/template/organic_store/images/team/3.jpg]
[st.ourhtmldemo.com/template/organic_store/images/parallax/1.jpg]
[st.ourhtmldemo.com/template/organic_store/images/team/a1.png]
[st.ourhtmldemo.com/template/organic_store/images/team/a2.png]
[st.ourhtmldemo.com/template/organic_store/images/team/a3.png]
[st.ourhtmldemo.com/template/organic_store/images/partner-logo/1.png]
[st.ourhtmldemo.com/template/organic_store/images/partner-logo/2.png]
[st.ourhtmldemo.com/template/organic_store/images/partner-logo/3.png]
[st.ourhtmldemo.com/template/organic_store/images/partner-logo/4.png]
[st.ourhtmldemo.com/template/organic_store/images/logo/logo-2.png]
[st.ourhtmldemo.com/template/organic_store/images/blog/p1.jpg]
[st.ourhtmldemo.com/template/organic_store/images/blog/p2.jpg]
[st.ourhtmldemo.com/template/organic_store/images/blog/p3.jpg]
[st.ourhtmldemo.com/template/organic_store/js/bootstrap.min.js]
[st.ourhtmldemo.com/template/organic_store/js/gmap.js]
[st.ourhtmldemo.com/template/organic_store/js/owl.carousel.min.js]
[st.ourhtmldemo.com/template/organic_store/js/menuzord.js]
[st.ourhtmldemo.com/template/organic_store/js/jquery-2.1.4.js]
[st.ourhtmldemo.com/template/organic_store/vendor/revolution/jquery.themepunch.tools.min.js]
[st.ourhtmldemo.com/template/organic_store/js/jquery-ui.min.js]
[st.ourhtmldemo.com/template/organic_store/vendor/revolution/jquery.themepunch.revolution.min.js]
[st.ourhtmldemo.com/template/organic_store/vendor/revolution/revolution.extension.slideanims.min.js]
[st.ourhtmldemo.com/template/organic_store/vendor/revolution/revolution.extension.layeranimation.min.js]
[st.ourhtmldemo.com/template/organic_store/vendor/revolution/revolution.extension.kenburn.min.js]
[st.ourhtmldemo.com/template/organic_store/vendor/revolution/revolution.extension.navigation.min.js]
[st.ourhtmldemo.com/template/organic_store/vendor/revolution/revolution.extension.actions.min.js]
[st.ourhtmldemo.com/template/organic_store/vendor/revolution/revolution.extension.parallax.min.js]
[st.ourhtmldemo.com/template/organic_store/vendor/revolution/revolution.extension.migration.min.js]
[st.ourhtmldemo.com/template/organic_store/js/jquery.polyglot.language.switcher.js]
[st.ourhtmldemo.com/template/organic_store/js/jquery.appear.js]
[st.ourhtmldemo.com/template/organic_store/js/jquery.fancybox.pack.js]
[st.ourhtmldemo.com/template/organic_store/js/jquery.countTo.js]
[st.ourhtmldemo.com/template/organic_store/js/wow.min.js]
[st.ourhtmldemo.com/template/organic_store/js/bootstrap-select.min.js]
[st.ourhtmldemo.com/template/organic_store/js/jquery.mixitup.min.js]
[st.ourhtmldemo.com/template/organic_store/js/theme.js]
[st.ourhtmldemo.com/template/organic_store/js/google-map.js]
[st.ourhtmldemo.com/template/organic_store/index.html]
[st.ourhtmldemo.com/template/organic_store/css/bootstrap.css]
[st.ourhtmldemo.com/template/organic_store/css/bootstrap-select.min.css]
[st.ourhtmldemo.com/template/organic_store/fonts/font-awesome.min.css]
[st.ourhtmldemo.com/template/organic_store/fonts/icomoon.css]
[st.ourhtmldemo.com/template/organic_store/css/owl.carousel.css]
[st.ourhtmldemo.com/template/organic_store/css/polyglot-language-switcher.css]
[st.ourhtmldemo.com/template/organic_store/css/jquery-ui.css]
[st.ourhtmldemo.com/template/organic_store/css/menuzord.css]
[st.ourhtmldemo.com/template/organic_store/css/menuzord-animations.css]
[st.ourhtmldemo.com/template/organic_store/css/jquery.fancybox.css]
[st.ourhtmldemo.com/template/organic_store/css/animate.css]
[st.ourhtmldemo.com/template/organic_store/vendor/revolution/settings.css]
[st.ourhtmldemo.com/template/organic_store/vendor/revolution/layers.css]
[st.ourhtmldemo.com/template/organic_store/vendor/revolution/navigation.css]
[st.ourhtmldemo.com/template/organic_store/fonts/fontawesome-webfont.woff2]
[st.ourhtmldemo.com/template/organic_store/fonts/fontawesome-webfont.woff]
[st.ourhtmldemo.com/template/organic_store/fonts/fontawesome-webfont.ttf]
[st.ourhtmldemo.com/template/organic_store/fonts/fontawesome-webfont.eot]
[st.ourhtmldemo.com/template/organic_store/fonts/fontawesome-webfont.svg]
[st.ourhtmldemo.com/template/organic_store/images/logo/sep.png]
[st.ourhtmldemo.com/template/organic_store/images/home/pattern.png]
[st.ourhtmldemo.com/template/organic_store/fonts/Futura-T-OT-Book_19064.ttf]
[st.ourhtmldemo.com/template/organic_store/css/style.css]
[st.ourhtmldemo.com/template/organic_store/css/responsive.css]
[st.ourhtmldemo.com/template/organic_store/images/fav-icon/apple-icon-60x60.png]
[st.ourhtmldemo.com/template/organic_store/images/fav-icon/apple-icon-72x72.png]
[st.ourhtmldemo.com/template/organic_store/images/fav-icon/apple-icon-76x76.png]
[st.ourhtmldemo.com/template/organic_store/images/fav-icon/apple-icon-114x114.png]
[st.ourhtmldemo.com/template/organic_store/images/fav-icon/apple-icon-120x120.png]
[st.ourhtmldemo.com/template/organic_store/fonts/Pacifico.ttf]
[st.ourhtmldemo.com/template/organic_store/images/fav-icon/apple-icon-144x144.png]
[st.ourhtmldemo.com/template/organic_store/images/fav-icon/apple-icon-152x152.png]
[st.ourhtmldemo.com/template/organic_store/images/fav-icon/apple-icon-180x180.png]
[st.ourhtmldemo.com/template/organic_store/images/fav-icon/android-icon-192x192.png]
[st.ourhtmldemo.com/template/organic_store/images/fav-icon/favicon-32x32.png]
[st.ourhtmldemo.com/template/organic_store/images/fav-icon/favicon-96x96.png]
[st.ourhtmldemo.com/template/organic_store/images/fav-icon/favicon-16x16.png]
[st.ourhtmldemo.com/template/organic_store/images/background/2.jpg]
[st.ourhtmldemo.com/template/organic_store/images/about/3.jpg]
[st.ourhtmldemo.com/template/organic_store/images/background/3.jpg]
[st.ourhtmldemo.com/template/organic_store/images/gallery/30.jpg]
[st.ourhtmldemo.com/template/organic_store/images/gallery/31.jpg]
[st.ourhtmldemo.com/template/organic_store/images/gallery/32.jpg]
[st.ourhtmldemo.com/template/organic_store/images/gallery/33.jpg]
[st.ourhtmldemo.com/template/organic_store/images/gallery/34.jpg]
[st.ourhtmldemo.com/template/organic_store/images/partner-logo/5.png]
[st.ourhtmldemo.com/template/organic_store/images/partner-logo/6.png]
[st.ourhtmldemo.com/template/organic_store/images/partner-logo/7.png]
[st.ourhtmldemo.com/template/organic_store/images/partner-logo/8.png]
[st.ourhtmldemo.com/template/organic_store/about-us.html]
[st.ourhtmldemo.com/template/organic_store/images/shop/12.png]
[st.ourhtmldemo.com/template/organic_store/images/shop/13.png]
[st.ourhtmldemo.com/template/organic_store/images/shop/14.png]
[st.ourhtmldemo.com/template/organic_store/images/shop/15.png]
[st.ourhtmldemo.com/template/organic_store/shop.html]
[st.ourhtmldemo.com/template/organic_store/images/gallery/a1.jpg]
[st.ourhtmldemo.com/template/organic_store/images/gallery/a2.jpg]
[st.ourhtmldemo.com/template/organic_store/shop-single.html]
[st.ourhtmldemo.com/template/organic_store/shop-cart.html]
[st.ourhtmldemo.com/template/organic_store/images/check-out/1.jpg]
[st.ourhtmldemo.com/template/organic_store/images/check-out/2.jpg]
[st.ourhtmldemo.com/template/organic_store/checkout.html]
[st.ourhtmldemo.com/template/organic_store/account.html]
[st.ourhtmldemo.com/template/organic_store/blog-Standard.html]
[st.ourhtmldemo.com/template/organic_store/images/blog/4.jpg]
[st.ourhtmldemo.com/template/organic_store/images/blog/5.jpg]
[st.ourhtmldemo.com/template/organic_store/images/blog/6.jpg]
[st.ourhtmldemo.com/template/organic_store/images/blog/7.jpg]
[st.ourhtmldemo.com/template/organic_store/images/gallery/i1.jpg]
[st.ourhtmldemo.com/template/organic_store/images/gallery/i2.jpg]
[st.ourhtmldemo.com/template/organic_store/images/gallery/i3.jpg]
[st.ourhtmldemo.com/template/organic_store/images/gallery/i4.jpg]
[st.ourhtmldemo.com/template/organic_store/images/gallery/i5.jpg]
[st.ourhtmldemo.com/template/organic_store/images/gallery/i6.jpg]
[st.ourhtmldemo.com/template/organic_store/blog-list-sidebar.html]
[st.ourhtmldemo.com/template/organic_store/images/blog/play.png]
[st.ourhtmldemo.com/template/organic_store/blog-grid.html]
[st.ourhtmldemo.com/template/organic_store/images/gallery/a3.jpg]
[st.ourhtmldemo.com/template/organic_store/blog-details.html]
[st.ourhtmldemo.com/template/organic_store/js/isotope.pkgd.min.js]
[st.ourhtmldemo.com/template/organic_store/images/gallery/7.jpg]
[st.ourhtmldemo.com/template/organic_store/images/gallery/8.jpg]
[st.ourhtmldemo.com/template/organic_store/images/gallery/13.jpg]
[st.ourhtmldemo.com/template/organic_store/images/gallery/9.jpg]
[st.ourhtmldemo.com/template/organic_store/images/gallery/10.jpg]
[st.ourhtmldemo.com/template/organic_store/images/gallery/11.jpg]
[st.ourhtmldemo.com/template/organic_store/images/gallery/12.jpg]
[st.ourhtmldemo.com/template/organic_store/images/gallery/14.jpg]
[st.ourhtmldemo.com/template/organic_store/images/gallery/15.jpg]
[st.ourhtmldemo.com/template/organic_store/images/gallery/16.jpg]
[st.ourhtmldemo.com/template/organic_store/images/gallery/17.jpg]
[st.ourhtmldemo.com/template/organic_store/gallery-grid.html]
[st.ourhtmldemo.com/template/organic_store/images/gallery/18.jpg]
[st.ourhtmldemo.com/template/organic_store/images/gallery/27.jpg]
[st.ourhtmldemo.com/template/organic_store/images/gallery/19.jpg]
[st.ourhtmldemo.com/template/organic_store/images/gallery/20.jpg]
[st.ourhtmldemo.com/template/organic_store/images/gallery/21.jpg]
[st.ourhtmldemo.com/template/organic_store/images/gallery/22.jpg]
[st.ourhtmldemo.com/template/organic_store/images/gallery/23.jpg]
[st.ourhtmldemo.com/template/organic_store/images/gallery/24.jpg]
[st.ourhtmldemo.com/template/organic_store/images/gallery/25.jpg]
[st.ourhtmldemo.com/template/organic_store/images/gallery/26.jpg]
[st.ourhtmldemo.com/template/organic_store/images/gallery/28.jpg]
[st.ourhtmldemo.com/template/organic_store/gallery-masonry.html]
[st.ourhtmldemo.com/template/organic_store/images/gallery/29.jpg]
[st.ourhtmldemo.com/template/organic_store/gallery-single.html]
[st.ourhtmldemo.com/template/organic_store/Testimonials.html]
[st.ourhtmldemo.com/template/organic_store/images/background/404.jpg]
[st.ourhtmldemo.com/template/organic_store/images/logo/404.png]
[st.ourhtmldemo.com/template/organic_store/404.html]
[st.ourhtmldemo.com/template/organic_store/faq.html]
[st.ourhtmldemo.com/template/organic_store/contact.html]
[st.ourhtmldemo.com/template/organic_store/turnaround.html]
[st.ourhtmldemo.com/template/organic_store/js/SmoothScroll.js]
[st.ourhtmldemo.com/template/organic_store/css/bootstrap.css]
[st.ourhtmldemo.com/template/organic_store/css/bootstrap-select.min.css]
[st.ourhtmldemo.com/template/organic_store/fonts/fontawesome-webfont914c.woff2]
[st.ourhtmldemo.com/template/organic_store/fonts/fontawesome-webfont914c.eot]
[st.ourhtmldemo.com/template/organic_store/fonts/fontawesome-webfontd41d.eot]
[st.ourhtmldemo.com/template/organic_store/fonts/fontawesome-webfont914c.woff]
[st.ourhtmldemo.com/template/organic_store/fonts/font-awesome.min.css]
[st.ourhtmldemo.com/template/organic_store/fonts/fontawesome-webfont914c.svg]
[st.ourhtmldemo.com/template/organic_store/fonts/icomoon87d8.eot]
[st.ourhtmldemo.com/template/organic_store/fonts/icomoon87d8.woff]
[st.ourhtmldemo.com/template/organic_store/fonts/icomoon87d8.ttf]
[st.ourhtmldemo.com/template/organic_store/fonts/icomoon.css]
[st.ourhtmldemo.com/template/organic_store/fonts/fontawesome-webfont914c.ttf]
[st.ourhtmldemo.com/template/organic_store/fonts/icomoon87d8.svg]
[st.ourhtmldemo.com/template/organic_store/css/owl.carousel.css]
[st.ourhtmldemo.com/template/organic_store/images/home/gb.png]
[st.ourhtmldemo.com/template/organic_store/images/home/fr.png]
[st.ourhtmldemo.com/template/organic_store/images/home/de.png]
[st.ourhtmldemo.com/template/organic_store/images/home/it.png]
[st.ourhtmldemo.com/template/organic_store/images/home/es.png]
[st.ourhtmldemo.com/template/organic_store/css/polyglot-language-switcher.css]
[st.ourhtmldemo.com/template/organic_store/css/jquery-ui.css]
[st.ourhtmldemo.com/template/organic_store/css/menuzord.css]
[st.ourhtmldemo.com/template/organic_store/css/menuzord-animations.css]
[st.ourhtmldemo.com/template/organic_store/images/fancybox/fancybox_sprite.png]
[st.ourhtmldemo.com/template/organic_store/images/fancybox/fancybox_loading.gif]
[st.ourhtmldemo.com/template/organic_store/images/fancybox/fancybox_overlay.png]
[st.ourhtmldemo.com/template/organic_store/css/jquery.fancybox.css]
[st.ourhtmldemo.com/template/organic_store/css/animate.css]
[st.ourhtmldemo.com/template/organic_store/fonts/revicons/revicons90c6.woff]
[st.ourhtmldemo.com/template/organic_store/fonts/revicons/revicons90c6.eot]
[st.ourhtmldemo.com/template/organic_store/fonts/revicons/revicons90c6.svg]
[st.ourhtmldemo.com/template/organic_store/fonts/revicons/revicons90c6.ttf]
[st.ourhtmldemo.com/template/organic_store/vendor/revolution/settings.css]
[st.ourhtmldemo.com/template/organic_store/vendor/revolution/layers.css]
[st.ourhtmldemo.com/template/organic_store/vendor/revolution/navigation.css]
[st.ourhtmldemo.com/template/organic_store/fonts/fontawesome-webfont.svg]
[st.ourhtmldemo.com/template/organic_store/services-single-v8.html]
[st.ourhtmldemo.com/template/organic_store/gallery-v3.html]
[st.ourhtmldemo.com/template/organic_store/services-single-v2.html]
[st.ourhtmldemo.com/template/organic_store/fonts/glyphicons-halflings-regular.html]
[st.ourhtmldemo.com/template/organic_store/fonts/glyphicons-halflings-regulard41d.html]
[st.ourhtmldemo.com/template/organic_store/fonts/glyphicons-halflings-regular-2.html]
[st.ourhtmldemo.com/template/organic_store/fonts/glyphicons-halflings-regular-3.html]
[st.ourhtmldemo.com/template/organic_store/fonts/glyphicons-halflings-regular-4.html]
[st.ourhtmldemo.com/template/organic_store/fonts/glyphicons-halflings-regular-5.html]
[st.ourhtmldemo.com/template/organic_store/fonts/fontawesome-webfont914c.svg]
[st.ourhtmldemo.com/template/organic_store/fonts/icomoon87d8.svg]
[st.ourhtmldemo.com/template/organic_store/css/owl.video.play.html]
[st.ourhtmldemo.com/template/organic_store/css/images/ui-icons_444444_256x240.html]
[st.ourhtmldemo.com/template/organic_store/css/images/ui-icons_777777_256x240.html]
[st.ourhtmldemo.com/template/organic_store/css/images/ui-icons_555555_256x240.html]
[st.ourhtmldemo.com/template/organic_store/css/images/ui-icons_ffffff_256x240.html]
[st.ourhtmldemo.com/template/organic_store/css/images/ui-icons_777620_256x240.html]
[st.ourhtmldemo.com/template/organic_store/css/images/ui-icons_cc0000_256x240.html]
[st.ourhtmldemo.com/template/organic_store/images/fancybox/fancybox_sprite@2x.html]
[st.ourhtmldemo.com/template/organic_store/images/fancybox/fancybox_loading@2x.html]
[st.ourhtmldemo.com/template/organic_store/fonts/revicons/revicons90c6.svg]
[st.ourhtmldemo.com/template/organic_store/vendor/revolution/openhand.html]
[st.ourhtmldemo.com/template/organic_store/vendor/revolution/closedhand.html]
[st.ourhtmldemo.com/template/organic_store/vendor/assets/gridtile.html]
[st.ourhtmldemo.com/template/organic_store/vendor/assets/gridtile_white.html]
[st.ourhtmldemo.com/template/organic_store/vendor/assets/gridtile_3x3.html]
[st.ourhtmldemo.com/template/organic_store/vendor/assets/gridtile_3x3_white.html]
[st.ourhtmldemo.com/template/organic_store/vendor/assets/coloredbg.html]
[st.ourhtmldemo.com/template/organic_store/vendor/assets/loader.html]
