[mannatthemes.com/robotech/default/admin-products.html]
[backblue.gif]
[fade.gif]
[index.html]
[mannatthemes.com/robotech/default/assets/images/favicon.ico]
[mannatthemes.com/robotech/default/assets/libs/icofont/icofont.min.css]
[mannatthemes.com/robotech/default/assets/libs/flatpickr/flatpickr.min.css]
[mannatthemes.com/robotech/default/assets/css/tailwind.min.css]
[mannatthemes.com/robotech/default/index.html]
[mannatthemes.com/robotech/default/assets/images/logo-sm.png]
[mannatthemes.com/robotech/default/assets/images/logo.png]
[mannatthemes.com/robotech/default/admin-add-product.html]
[mannatthemes.com/robotech/default/admin-customers.html]
[mannatthemes.com/robotech/default/admin-customers-details.html]
[mannatthemes.com/robotech/default/admin-orders.html]
[mannatthemes.com/robotech/default/admin-order-details.html]
[mannatthemes.com/robotech/default/admin-refund.html]
[mannatthemes.com/robotech/default/customers-home.html]
[mannatthemes.com/robotech/default/customers-pro-details.html]
[mannatthemes.com/robotech/default/customers-products.html]
[mannatthemes.com/robotech/default/customers-cart.html]
[mannatthemes.com/robotech/default/customers-checkout.html]
[mannatthemes.com/robotech/default/customers-profile.html]
[mannatthemes.com/robotech/default/customers-stores.html]
[mannatthemes.com/robotech/default/customers-wishlist.html]
[mannatthemes.com/robotech/default/customers-order-track.html]
[mannatthemes.com/robotech/default/customers-invoice.html]
[mannatthemes.com/robotech/default/apps-chat.html]
[mannatthemes.com/robotech/default/apps-contact-list.html]
[mannatthemes.com/robotech/default/apps-calendar.html]
[mannatthemes.com/robotech/default/apps-files.html]
[mannatthemes.com/robotech/default/apps-invoice.html]
[mannatthemes.com/robotech/default/apps-email-inbox.html]
[mannatthemes.com/robotech/default/apps-email-read.html]
[mannatthemes.com/robotech/default/ui-alerts.html]
[mannatthemes.com/robotech/default/ui-avatars.html]
[mannatthemes.com/robotech/default/ui-buttons.html]
[mannatthemes.com/robotech/default/ui-badges.html]
[mannatthemes.com/robotech/default/ui-cards.html]
[mannatthemes.com/robotech/default/ui-carousels.html]
[mannatthemes.com/robotech/default/ui-dropdowns.html]
[mannatthemes.com/robotech/default/ui-grids.html]
[mannatthemes.com/robotech/default/ui-images.html]
[mannatthemes.com/robotech/default/ui-lists.html]
[mannatthemes.com/robotech/default/ui-modals.html]
[mannatthemes.com/robotech/default/ui-navs.html]
[mannatthemes.com/robotech/default/ui-navbars.html]
[mannatthemes.com/robotech/default/ui-paginations.html]
[mannatthemes.com/robotech/default/ui-progress.html]
[mannatthemes.com/robotech/default/ui-popover-tooltips.html]
[mannatthemes.com/robotech/default/ui-spinners.html]
[mannatthemes.com/robotech/default/ui-tabs-accordions.html]
[mannatthemes.com/robotech/default/ui-typography.html]
[mannatthemes.com/robotech/default/ui-videos.html]
[mannatthemes.com/robotech/default/advanced-animation.html]
[mannatthemes.com/robotech/default/advanced-clipboard.html]
[mannatthemes.com/robotech/default/advanced-dragula.html]
[mannatthemes.com/robotech/default/advanced-highlight.html]
[mannatthemes.com/robotech/default/advanced-rangeslider.html]
[mannatthemes.com/robotech/default/advanced-ratings.html]
[mannatthemes.com/robotech/default/advanced-ribbons.html]
[mannatthemes.com/robotech/default/advanced-sweetalerts.html]
[mannatthemes.com/robotech/default/forms-elements.html]
[mannatthemes.com/robotech/default/forms-advance.html]
[mannatthemes.com/robotech/default/forms-validation.html]
[mannatthemes.com/robotech/default/forms-wizard.html]
[mannatthemes.com/robotech/default/forms-editors.html]
[mannatthemes.com/robotech/default/forms-uploads.html]
[mannatthemes.com/robotech/default/forms-img-crop.html]
[mannatthemes.com/robotech/default/charts-apex.html]
[mannatthemes.com/robotech/default/charts-echarts.html]
[mannatthemes.com/robotech/default/charts-justgage.html]
[mannatthemes.com/robotech/default/charts-chartjs.html]
[mannatthemes.com/robotech/default/charts-toast-ui.html]
[mannatthemes.com/robotech/default/tables-basic.html]
[mannatthemes.com/robotech/default/tables-datatable.html]
[mannatthemes.com/robotech/default/icons-lucide.html]
[mannatthemes.com/robotech/default/icons-fontawesome.html]
[mannatthemes.com/robotech/default/icons-icofont.html]
[mannatthemes.com/robotech/default/maps-google.html]
[mannatthemes.com/robotech/default/maps-leaflet.html]
[mannatthemes.com/robotech/default/maps-vector.html]
[mannatthemes.com/robotech/default/email-templates-alert.html]
[mannatthemes.com/robotech/default/email-templates-basic.html]
[mannatthemes.com/robotech/default/email-templates-billing.html]
[mannatthemes.com/robotech/default/pages-blogs.html]
[mannatthemes.com/robotech/default/pages-pricing.html]
[mannatthemes.com/robotech/default/pages-profile.html]
[mannatthemes.com/robotech/default/pages-starter.html]
[mannatthemes.com/robotech/default/pages-timeline.html]
[mannatthemes.com/robotech/default/auth-login.html]
[mannatthemes.com/robotech/default/auth-register.html]
[mannatthemes.com/robotech/default/auth-recover-pw.html]
[mannatthemes.com/robotech/default/auth-lock-screen.html]
[mannatthemes.com/robotech/default/auth-404.html]
[mannatthemes.com/robotech/default/auth-500.html]
[mannatthemes.com/robotech/default/assets/images/users/avatar-3.png]
[mannatthemes.com/robotech/default/assets/images/users/avatar-9.png]
[mannatthemes.com/robotech/default/assets/images/users/avatar-1.png]
[mannatthemes.com/robotech/default/assets/images/products/02.png]
[mannatthemes.com/robotech/default/assets/images/products/03.png]
[mannatthemes.com/robotech/default/assets/images/products/pro-3.png]
[mannatthemes.com/robotech/default/assets/images/products/pro-4.png]
[mannatthemes.com/robotech/default/assets/images/products/pro-5.png]
[mannatthemes.com/robotech/default/assets/images/products/pro-6.png]
[mannatthemes.com/robotech/default/assets/images/products/01.png]
[mannatthemes.com/robotech/default/assets/images/products/pro-7.png]
[mannatthemes.com/robotech/default/assets/images/products/pro-1.png]
[mannatthemes.com/robotech/default/assets/images/products/04.png]
[mannatthemes.com/robotech/default/assets/libs/lucide/umd/lucide.min.js]
[mannatthemes.com/robotech/default/assets/libs/simplebar/simplebar.min.js]
[mannatthemes.com/robotech/default/assets/libs/flatpickr/flatpickr.min.js]
[mannatthemes.com/robotech/default/assets/libs/@frostui/tailwindcss/frostui.js]
[mannatthemes.com/robotech/default/admin-products.html]
[mannatthemes.com/robotech/default/assets/js/app.js]
[mannatthemes.com/robotech/default/assets/libs/icofont/fonts/icofont.woff2]
[mannatthemes.com/robotech/default/assets/libs/icofont/fonts/icofont.woff]
[mannatthemes.com/robotech/default/assets/libs/icofont/icofont.min.css]
[mannatthemes.com/robotech/default/assets/libs/flatpickr/flatpickr.min.css]
[mannatthemes.com/robotech/default/assets/fonts/fa-brands-400.woff2]
[mannatthemes.com/robotech/default/assets/fonts/fa-brands-400.ttf]
[mannatthemes.com/robotech/default/assets/fonts/fa-regular-400.woff2]
[mannatthemes.com/robotech/default/assets/fonts/fa-regular-400.ttf]
[mannatthemes.com/robotech/default/assets/fonts/fa-solid-900.woff2]
[mannatthemes.com/robotech/default/assets/fonts/fa-solid-900.ttf]
[mannatthemes.com/robotech/default/assets/fonts/fa-v4compatibility.woff2]
[mannatthemes.com/robotech/default/assets/fonts/fa-v4compatibility.ttf]
[mannatthemes.com/robotech/default/assets/css/tailwind.min.css]
[mannatthemes.com/robotech/default/assets/images/widgets/wallet.png]
[mannatthemes.com/robotech/default/assets/images/widgets/user.png]
[mannatthemes.com/robotech/default/index.html]
[mannatthemes.com/robotech/default/assets/js/pages/analytics-index.init.js]
[mannatthemes.com/robotech/default/assets/libs/apexcharts/apexcharts.min.js]
[mannatthemes.com/robotech/default/assets/libs/filepond/filepond.min.css]
[mannatthemes.com/robotech/default/assets/libs/filepond-plugin-image-preview/filepond-plugin-image-preview.min.css]
[mannatthemes.com/robotech/default/assets/libs/vanillajs-datepicker/css/datepicker.min.css]
[mannatthemes.com/robotech/default/assets/libs/mobius1-selectr/selectr.min.css]
[mannatthemes.com/robotech/default/assets/libs/filepond/filepond.min.js]
[mannatthemes.com/robotech/default/assets/libs/filepond-plugin-image-preview/filepond-plugin-image-preview.min.js]
[mannatthemes.com/robotech/default/assets/libs/vanillajs-datepicker/js/datepicker-full.min.js]
[mannatthemes.com/robotech/default/admin-add-product.html]
[mannatthemes.com/robotech/default/assets/libs/mobius1-selectr/selectr.min.js]
[mannatthemes.com/robotech/default/assets/images/users/avatar-2.png]
[mannatthemes.com/robotech/default/assets/images/users/avatar-4.png]
[mannatthemes.com/robotech/default/assets/images/users/avatar-5.png]
[mannatthemes.com/robotech/default/assets/images/users/avatar-6.png]
[mannatthemes.com/robotech/default/assets/images/users/avatar-7.png]
[mannatthemes.com/robotech/default/assets/images/users/avatar-8.png]
[mannatthemes.com/robotech/default/assets/images/users/avatar-10.png]
[mannatthemes.com/robotech/default/admin-customers.html]
[mannatthemes.com/robotech/default/assets/images/logos/facebook.png]
[mannatthemes.com/robotech/default/assets/images/logos/insta.png]
[mannatthemes.com/robotech/default/assets/images/logos/twitter.png]
[mannatthemes.com/robotech/default/admin-customers-details.html]
[mannatthemes.com/robotech/default/admin-orders.html]
[mannatthemes.com/robotech/default/admin-order-details.html]
[mannatthemes.com/robotech/default/admin-refund.html]
[mannatthemes.com/robotech/default/assets/libs/nice-select2/css/nice-select2.css]
[mannatthemes.com/robotech/default/assets/libs/swiper/swiper-bundle.min.css]
[mannatthemes.com/robotech/default/assets/images/logo-dark.png]
[mannatthemes.com/robotech/default/assets/images/products/p-1.png]
[mannatthemes.com/robotech/default/assets/images/products/p-2.png]
[mannatthemes.com/robotech/default/assets/images/products/pro-2.png]
[mannatthemes.com/robotech/default/assets/images/products/bl-1.png]
[mannatthemes.com/robotech/default/assets/images/products/bl-2.png]
[mannatthemes.com/robotech/default/assets/images/products/bl-3.png]
[mannatthemes.com/robotech/default/assets/images/products/bl-4.png]
[mannatthemes.com/robotech/default/assets/libs/nice-select2/js/nice-select2.js]
[mannatthemes.com/robotech/default/customers-home.html]
[mannatthemes.com/robotech/default/assets/libs/starability/starability-css/starability-all.css]
[mannatthemes.com/robotech/default/assets/libs/swiper/swiper-bundle.min.js]
[mannatthemes.com/robotech/default/customers-pro-details.html]
[mannatthemes.com/robotech/default/assets/libs/js-image-zoom/js-image-zoom.js]
[mannatthemes.com/robotech/default/customers-products.html]
[mannatthemes.com/robotech/default/customers-cart.html]
[mannatthemes.com/robotech/default/assets/images/logos/card-2.png]
[mannatthemes.com/robotech/default/assets/images/logos/card-1.png]
[mannatthemes.com/robotech/default/customers-checkout.html]
[mannatthemes.com/robotech/default/assets/images/users/avatar-11.jpg]
[mannatthemes.com/robotech/default/customers-profile.html]
[mannatthemes.com/robotech/default/assets/images/products/logos/ap.png]
[mannatthemes.com/robotech/default/assets/images/products/logos/apple.png]
[mannatthemes.com/robotech/default/assets/images/products/logos/canon.png]
[mannatthemes.com/robotech/default/assets/images/products/logos/sony.png]
[mannatthemes.com/robotech/default/assets/images/products/logos/cock.png]
[mannatthemes.com/robotech/default/assets/images/products/logos/lam.png]
[mannatthemes.com/robotech/default/assets/images/products/logos/coffee.png]
[mannatthemes.com/robotech/default/assets/images/products/logos/nike.png]
[mannatthemes.com/robotech/default/assets/images/products/logos/mcd.png]
[mannatthemes.com/robotech/default/assets/images/products/logos/puma.png]
[mannatthemes.com/robotech/default/assets/images/products/logos/hd.png]
[mannatthemes.com/robotech/default/assets/images/products/logos/polo.png]
[mannatthemes.com/robotech/default/customers-stores.html]
[mannatthemes.com/robotech/default/customers-wishlist.html]
[mannatthemes.com/robotech/default/assets/libs/leaflet/leaflet.css]
[mannatthemes.com/robotech/default/customers-order-track.html]
[mannatthemes.com/robotech/default/assets/libs/leaflet/leaflet.js]
[mannatthemes.com/robotech/default/assets/images/signature-1.png]
[mannatthemes.com/robotech/default/customers-invoice.html]
[mannatthemes.com/robotech/default/apps-chat.html]
[mannatthemes.com/robotech/default/apps-contact-list.html]
[mannatthemes.com/robotech/default/assets/images/widgets/calendar.png]
[mannatthemes.com/robotech/default/assets/js/pages/calendar.init.js]
[mannatthemes.com/robotech/default/apps-calendar.html]
[mannatthemes.com/robotech/default/apps-files.html]
[mannatthemes.com/robotech/default/apps-invoice.html]
[mannatthemes.com/robotech/default/assets/libs/fullcalendar/index.global.min.js]
[mannatthemes.com/robotech/default/assets/js/pages/editor.init.js]
[mannatthemes.com/robotech/default/apps-email-inbox.html]
[mannatthemes.com/robotech/default/apps-email-read.html]
[mannatthemes.com/robotech/default/assets/libs/tinymce/tinymce.min.js]
[mannatthemes.com/robotech/default/assets/libs/prismjs/themes/prism-twilight.min.css]
[mannatthemes.com/robotech/default/ui-alerts.html]
[mannatthemes.com/robotech/default/ui-avatars.html]
[mannatthemes.com/robotech/default/ui-buttons.html]
[mannatthemes.com/robotech/default/ui-badges.html]
[mannatthemes.com/robotech/default/assets/libs/prismjs/prism.js]
[mannatthemes.com/robotech/default/assets/images/widgets/1.jpg]
[mannatthemes.com/robotech/default/ui-cards.html]
[mannatthemes.com/robotech/default/assets/images/widgets/2.jpg]
[mannatthemes.com/robotech/default/assets/images/widgets/3.jpg]
[mannatthemes.com/robotech/default/assets/images/widgets/4.jpg]
[mannatthemes.com/robotech/default/assets/images/widgets/5.jpg]
[mannatthemes.com/robotech/default/assets/images/widgets/6.jpg]
[mannatthemes.com/robotech/default/assets/js/pages/carousel.init.js]
[mannatthemes.com/robotech/default/ui-carousels.html]
[mannatthemes.com/robotech/default/ui-dropdowns.html]
[mannatthemes.com/robotech/default/ui-grids.html]
[mannatthemes.com/robotech/default/ui-images.html]
[mannatthemes.com/robotech/default/ui-lists.html]
[mannatthemes.com/robotech/default/ui-modals.html]
[mannatthemes.com/robotech/default/ui-navs.html]
[mannatthemes.com/robotech/default/ui-navbars.html]
[mannatthemes.com/robotech/default/ui-paginations.html]
[mannatthemes.com/robotech/default/assets/libs/tippy.js/tippy.css]
[unpkg.com/@popperjs/core@2/dist/umd/popper.min.c6.delayed]
[unpkg.com/@popperjs/core@2.11.8/dist/umd/popper.min.js]
[mannatthemes.com/robotech/default/assets/libs/tippy.js/tippy.umd.min.js]
[mannatthemes.com/robotech/default/assets/js/pages/tooltip-popover.init.js]
[mannatthemes.com/robotech/default/ui-popover-tooltips.html]
[mannatthemes.com/robotech/default/ui-progress.html]
[mannatthemes.com/robotech/default/ui-spinners.html]
[mannatthemes.com/robotech/default/ui-tabs-accordions.html]
[mannatthemes.com/robotech/default/ui-typography.html]
[mannatthemes.com/robotech/default/ui-videos.html]
[mannatthemes.com/robotech/default/assets/libs/magic.css/magic.min.css]
[mannatthemes.com/robotech/default/assets/js/pages/animation.init.js]
[mannatthemes.com/robotech/default/advanced-animation.html]
[mannatthemes.com/robotech/default/assets/libs/clipboard/clipboard.min.js]
[mannatthemes.com/robotech/default/assets/js/pages/clipboard.init.js]
[mannatthemes.com/robotech/default/advanced-clipboard.html]
[mannatthemes.com/robotech/default/assets/libs/dragula/dragula.min.css]
[mannatthemes.com/robotech/default/assets/libs/dragula/dragula.min.js]
[mannatthemes.com/robotech/default/assets/js/pages/dragula.init.js]
[mannatthemes.com/robotech/default/advanced-dragula.html]
[mannatthemes.com/robotech/default/advanced-highlight.html]
[mannatthemes.com/robotech/default/assets/libs/nouislider/nouislider.min.css]
[mannatthemes.com/robotech/default/assets/libs/nouislider/nouislider.min.js]
[mannatthemes.com/robotech/default/assets/libs/wnumb/wNumb.min.js]
[mannatthemes.com/robotech/default/advanced-rangeslider.html]
[mannatthemes.com/robotech/default/advanced-ratings.html]
[mannatthemes.com/robotech/default/assets/js/pages/nouislider.init.js]
[mannatthemes.com/robotech/default/assets/images/dashboards/dastyle.jpg]
[mannatthemes.com/robotech/default/assets/images/dashboards/metrica.jpg]
[mannatthemes.com/robotech/default/advanced-ribbons.html]
[mannatthemes.com/robotech/default/assets/libs/sweetalert2/sweetalert2.min.css]
[mannatthemes.com/robotech/default/assets/libs/animate.css/animate.min.css]
[mannatthemes.com/robotech/default/assets/libs/sweetalert2/sweetalert2.all.min.js]
[mannatthemes.com/robotech/default/advanced-sweetalerts.html]
[mannatthemes.com/robotech/default/assets/js/pages/sweetalert.init.js]
[mannatthemes.com/robotech/default/forms-elements.html]
[mannatthemes.com/robotech/default/assets/libs/huebee/huebee.min.css]
[mannatthemes.com/robotech/default/assets/libs/huebee/huebee.pkgd.min.js]
[mannatthemes.com/robotech/default/assets/libs/moment/moment.js]
[mannatthemes.com/robotech/default/assets/libs/imask/imask.min.js]
[mannatthemes.com/robotech/default/assets/js/pages/form-advanced.init.js]
[mannatthemes.com/robotech/default/forms-advance.html]
[mannatthemes.com/robotech/default/assets/js/pages/validation.init.js]
[mannatthemes.com/robotech/default/forms-validation.html]
[mannatthemes.com/robotech/default/assets/js/pages/wizard.init.js]
[mannatthemes.com/robotech/default/forms-wizard.html]
[mannatthemes.com/robotech/default/forms-editors.html]
[mannatthemes.com/robotech/default/assets/libs/uppy/uppy.min.css]
[mannatthemes.com/robotech/default/assets/js/pages/upload.init.js]
[mannatthemes.com/robotech/default/forms-uploads.html]
[mannatthemes.com/robotech/default/assets/libs/cropperjs/cropper.min.css]
[mannatthemes.com/robotech/default/assets/libs/uppy/uppy.min.js]
[mannatthemes.com/robotech/default/assets/libs/cropperjs/cropper.min.js]
[mannatthemes.com/robotech/default/forms-img-crop.html]
[mannatthemes.com/robotech/default/assets/js/pages/crop.init.js]
[apexcharts.com/samples/assets/irregular-data-series.js]
[apexcharts.com/samples/assets/ohlc.js]
[mannatthemes.com/robotech/default/charts-apex.html]
[mannatthemes.com/robotech/default/assets/js/pages/apex.init.js]
[mannatthemes.com/robotech/default/assets/js/pages/echarts.init.js]
[mannatthemes.com/robotech/default/charts-echarts.html]
[mannatthemes.com/robotech/default/assets/libs/raphael/raphael.min.js]
[mannatthemes.com/robotech/default/assets/libs/justgage/justgage.min.js]
[mannatthemes.com/robotech/default/assets/js/pages/justgage.init.js]
[mannatthemes.com/robotech/default/charts-justgage.html]
[mannatthemes.com/robotech/default/charts-chartjs.html]
[mannatthemes.com/robotech/default/assets/js/pages/chartjs.init.js]
[mannatthemes.com/robotech/default/assets/libs/chart.js/chart.min.js]
[mannatthemes.com/robotech/default/assets/libs/tui-chart/tui-chart.min.css]
[mannatthemes.com/robotech/default/assets/libs/tui-chart/maps/usa.js]
[mannatthemes.com/robotech/default/assets/libs/echarts/echarts.min.js]
[mannatthemes.com/robotech/default/charts-toast-ui.html]
[mannatthemes.com/robotech/default/tables-basic.html]
[mannatthemes.com/robotech/default/assets/js/pages/toast-ui.init.js]
[mannatthemes.com/robotech/default/assets/libs/simple-datatables/style.css]
[mannatthemes.com/robotech/default/assets/libs/tui-chart/tui-chart-all.min.js]
[mannatthemes.com/robotech/default/assets/libs/simple-datatables/umd/simple-datatables.js]
[mannatthemes.com/robotech/default/assets/js/pages/datatable.init.js]
[mannatthemes.com/robotech/default/tables-datatable.html]
[mannatthemes.com/robotech/default/icons-lucide.html]
[mannatthemes.com/robotech/default/icons-fontawesome.html]
[mannatthemes.com/robotech/default/icons-icofont.html]
[mannatthemes.com/robotech/default/assets/libs/gmaps/gmaps.min.js]
[mannatthemes.com/robotech/default/assets/js/pages/gmap.init.js]
[mannatthemes.com/robotech/default/maps-google.html]
[mannatthemes.com/robotech/default/maps-leaflet.html]
[mannatthemes.com/robotech/default/assets/js/pages/leaflet-map.init.js]
[mannatthemes.com/robotech/default/assets/libs/jsvectormap/css/jsvectormap.min.css]
[mannatthemes.com/robotech/default/assets/libs/jsvectormap/js/jsvectormap.min.js]
[mannatthemes.com/robotech/default/assets/libs/jsvectormap/maps/world.js]
[mannatthemes.com/robotech/default/assets/js/pages/vector-map.init.js]
[mannatthemes.com/robotech/default/maps-vector.html]
[mannatthemes.com/robotech/default/assets/images/bell.png]
[mannatthemes.com/robotech/default/email-templates-alert.html]
[mannatthemes.com/robotech/default/email-templates-basic.html]
[mannatthemes.com/robotech/default/email-templates-billing.html]
[mannatthemes.com/robotech/default/pages-blogs.html]
[mannatthemes.com/robotech/default/pages-pricing.html]
[mannatthemes.com/robotech/default/assets/images/widgets/bg-p.png]
[mannatthemes.com/robotech/default/assets/images/widgets/post-2.jpg]
[mannatthemes.com/robotech/default/assets/images/widgets/post-3.jpg]
[mannatthemes.com/robotech/default/assets/images/widgets/post-1.jpg]
[mannatthemes.com/robotech/default/pages-profile.html]
[mannatthemes.com/robotech/default/pages-starter.html]
[mannatthemes.com/robotech/default/pages-timeline.html]
[mannatthemes.com/robotech/default/auth-login.html]
[mannatthemes.com/robotech/default/auth-register.html]
[mannatthemes.com/robotech/default/auth-recover-pw.html]
[mannatthemes.com/robotech/default/auth-lock-screen.html]
[mannatthemes.com/robotech/default/assets/images/widgets/error.png]
[mannatthemes.com/robotech/default/auth-404.html]
[mannatthemes.com/robotech/default/auth-500.html]
[mannatthemes.com/robotech/default/auth-lockscreen.html]
[mannatthemes.com/robotech/default/assets/libs/filepond/filepond.min.css]
[mannatthemes.com/robotech/default/assets/libs/filepond-plugin-image-preview/filepond-plugin-image-preview.min.css]
[mannatthemes.com/robotech/default/assets/libs/vanillajs-datepicker/css/datepicker.min.css]
[mannatthemes.com/robotech/default/assets/libs/mobius1-selectr/selectr.min.css]
[mannatthemes.com/robotech/default/assets/libs/nice-select2/css/nice-select2.css]
[mannatthemes.com/robotech/default/assets/libs/swiper/swiper-bundle.min.css]
[mannatthemes.com/robotech/default/product-details.html]
[mannatthemes.com/robotech/default/ecommerce-product-detail.html]
[mannatthemes.com/robotech/images/products/cos.html]
[mannatthemes.com/robotech/images/products/jew.html]
[mannatthemes.com/robotech/default/assets/libs/starability/starability-css/starability-all.css]
[mannatthemes.com/robotech/default/assets/libs/leaflet/images/layers.png]
[mannatthemes.com/robotech/default/assets/libs/leaflet/images/layers-2x.png]
[mannatthemes.com/robotech/default/assets/libs/leaflet/images/marker-icon.png]
[mannatthemes.com/robotech/default/assets/libs/leaflet/leaflet.css]
[mannatthemes.com/robotech/default/assets/libs/prismjs/themes/prism-twilight.min.css]
[mannatthemes.com/robotech/default/assets/images/widgets/extra-card.html]
[mannatthemes.com/robotech/default/inbox.html]
[mannatthemes.com/robotech/default/assets/libs/tippy.js/tippy.css]
[mannatthemes.com/robotech/default/assets/libs/magic.css/magic.min.css]
[mannatthemes.com/robotech/default/assets/libs/dragula/dragula.min.css]
[mannatthemes.com/robotech/default/assets/libs/nouislider/nouislider.min.css]
[mannatthemes.com/robotech/default/assets/libs/sweetalert2/sweetalert2.min.css]
[mannatthemes.com/robotech/default/assets/libs/animate.css/animate.min.css]
[mannatthemes.com/robotech/default/assets/libs/huebee/huebee.min.css]
[mannatthemes.com/robotech/default/assets/libs/uppy/uppy.min.css]
[mannatthemes.com/robotech/default/assets/libs/cropperjs/cropper.min.css]
[mannatthemes.com/robotech/default/assets/libs/tui-chart/tui-chart.min.css]
[mannatthemes.com/robotech/default/assets/libs/simple-datatables/style.css]
[mannatthemes.com/robotech/default/assets/libs/jsvectormap/css/jsvectormap.min.css]
[{s}.tile.openstreetmap.org/{z}/{x}/{y}.png]
